// Jest Snapshot v1, https://goo.gl/fbAQLP

exports[`ColorForm should match the snapshot 1`] = `
<form
  id="colorForm"
>
  <h1
    className="color-change-5x"
  >
    Color Stream
  </h1>
  <input
    name="color"
    onChange={[Function]}
    placeholder="Please Enter A Hex Color"
    type="text"
    value=""
  />
  <div
    className="outer-button"
  >
    <button
      onClick={[Function]}
      onMouseOut={[Function]}
      onMouseOver={[Function]}
    >
      Submit
    </button>
  </div>
</form>
`;
